I'm sorry, but errors were detected in your script. Please correct the
errors listed below, and try again.


File "game/script.rpy", line 22: choice menuitem expects a non-empty block.
    "stdio.h":
              ^

Ren'Py Version: Ren'Py 8.3.2.24090902
Mon Oct 28 00:34:03 2024
